// Jest Snapshot v1, https://goo.gl/fbAQLP

exports[`<Button /> should render a a text inside 1`] = `
.c0 {
  background-color: #8943e3;
  border-radius: 0.5ch;
  border: 1px solid #8943e3;
  color: #f5f5f5;
  cursor: pointer;
  font-size: 1.6rem;
  padding: 1ch 2ch;
  -webkit-transition: all 0.1s ease-in-out;
  transition: all 0.1s ease-in-out;
  display: -webkit-box;
  display: -webkit-flex;
  display: -ms-flexbox;
  display: flex;
  -webkit-flex-wrap: nowrap;
  -ms-flex-wrap: nowrap;
  flex-wrap: nowrap;
  -webkit-flex-direction: row;
  -ms-flex-direction: row;
  flex-direction: row;
  -webkit-align-content: center;
  -ms-flex-line-pack: center;
  align-content: center;
  -webkit-box-pack: justify;
  -webkit-justify-content: space-between;
  -ms-flex-pack: justify;
  justify-content: space-between;
  -webkit-align-items: center;
  -webkit-box-align: center;
  -ms-flex-align: center;
  align-items: center;
}

.c0:hover {
  background-color: #a166f0;
  border-color: #a166f0;
  color: #212121;
}

.c0 span {
  white-space: nowrap;
}

<button
  action="primary"
  class="c0"
>
  <span>
    Text
  </span>
</button>
`
